[{"stream_name":"stderr","time":10.8332438,"data":"/usr/local/lib/python3.12/dist-packages/nbformat/__init__.py:96: MissingIDFieldWarning: Cell is missing an id field, this will become a hard error in future nbformat versions. You may want to use `normalize()` on your notebooks before validations (available since nbformat 5.1.4). Previous versions of nbformat are fixing this issue transparently, and will stop doing so in the future.\n"}
,{"stream_name":"stderr","time":10.83339963,"data":"  validate(nb)\n"}
,{"stream_name":"stderr","time":12.693784401,"data":"0.00s - Debugger warning: It seems that frozen modules are being used, which may\n"}
,{"stream_name":"stderr","time":12.69382106,"data":"0.00s - make the debugger miss breakpoints. Please pass -Xfrozen_modules=off\n"}
,{"stream_name":"stderr","time":12.693827322,"data":"0.00s - to python to disable frozen modules.\n"}
,{"stream_name":"stderr","time":12.693832387,"data":"0.00s - Note: Debugging will proceed. Set PYDEVD_DISABLE_FILE_VALIDATION=1 to disable this validation.\n"}
,{"stream_name":"stderr","time":13.71312684,"data":"0.00s - Debugger warning: It seems that frozen modules are being used, which may\n"}
,{"stream_name":"stderr","time":13.713166439,"data":"0.00s - make the debugger miss breakpoints. Please pass -Xfrozen_modules=off\n"}
,{"stream_name":"stderr","time":13.713173311,"data":"0.00s - to python to disable frozen modules.\n"}
,{"stream_name":"stderr","time":13.713178623,"data":"0.00s - Note: Debugging will proceed. Set PYDEVD_DISABLE_FILE_VALIDATION=1 to disable this validation.\n"}
,{"stream_name":"stdout","time":15.447718174,"data":"Interiors Optimizer — Kaggle GPU\n"}
,{"stream_name":"stdout","time":15.468542818,"data":"Rooms: 8\n"}
,{"stream_name":"stdout","time":15.484156148,"data":"DIMENSION ANALYSIS:\n"}
,{"stream_name":"stdout","time":15.484196415,"data":"  SUPINE  :  120m2 (  480m3)  3 props  1 doors\n"}
,{"stream_name":"stdout","time":15.484202427,"data":"  SCOOT   :   72m2 (  252m3)  2 props  2 doors\n"}
,{"stream_name":"stdout","time":15.484207275,"data":"  CRAWL   :   42m2 (  118m3)  2 props  2 doors\n"}
,{"stream_name":"stdout","time":15.484211372,"data":"  STAND   :  224m2 ( 1120m3)  3 props  2 doors\n"}
,{"stream_name":"stdout","time":15.484215638,"data":"  BOUNCE  :  360m2 ( 2880m3)  3 props  1 doors\n"}
,{"stream_name":"stdout","time":15.4842198,"data":"    WARNING: SINGLE EXIT IN LARGE ROOM\n"}
,{"stream_name":"stdout","time":15.484223905,"data":"  WALK    :  280m2 ( 1680m3)  2 props  2 doors\n"}
,{"stream_name":"stdout","time":15.48422832,"data":"  JUMP    :  576m2 ( 6912m3)  3 props  1 doors\n"}
,{"stream_name":"stdout","time":15.484232532,"data":"    WARNING: SINGLE EXIT IN LARGE ROOM\n"}
,{"stream_name":"stdout","time":15.484237013,"data":"  RUN     :  100m2 (  500m3)  3 props  1 doors\n"}
,{"stream_name":"stdout","time":15.500245725,"data":"CHROMA ANALYSIS:\n"}
,{"stream_name":"stdout","time":15.500283945,"data":"  SUPINE(220) → SCOOT (200)  Δ= 20°  ████░░░░░░░░  LOW\n"}
,{"stream_name":"stdout","time":15.500291979,"data":"  SCOOT (200) → CRAWL ( 30)  Δ=170°  ██████████████████████████████████  GOOD\n"}
,{"stream_name":"stdout","time":15.500298068,"data":"  CRAWL ( 30) → STAND (170)  Δ=140°  ████████████████████████████  GOOD\n"}
,{"stream_name":"stdout","time":15.500303715,"data":"  STAND (170) → BOUNCE(140)  Δ= 30°  ██████░░░░░░  LOW\n"}
,{"stream_name":"stdout","time":15.500309062,"data":"  BOUNCE(140) → WALK  (190)  Δ= 50°  ██████████░░  GOOD\n"}
,{"stream_name":"stdout","time":15.500334026,"data":"  WALK  (190) → JUMP  ( 10)  Δ=180°  ████████████████████████████████████  GOOD\n"}
,{"stream_name":"stdout","time":15.500340278,"data":"  JUMP  ( 10) → RUN   (  0)  Δ= 10°  ██░░░░░░░░░░  LOW\n"}
,{"stream_name":"stdout","time":15.500345473,"data":"  RUN   (  0) → SUPINE(220)  Δ=140°  ████████████████████████████  GOOD\n"}
,{"stream_name":"stdout","time":15.515115631,"data":"NAVIGATION CLEARANCE:\n"}
,{"stream_name":"stdout","time":15.515153169,"data":"  SUPINE  : prop footprint=9m2  clearance=92%  ██████████████████░░ GOOD\n"}
,{"stream_name":"stdout","time":15.515160625,"data":"  SCOOT   : prop footprint=6m2  clearance=92%  ██████████████████░░ GOOD\n"}
,{"stream_name":"stdout","time":15.515166036,"data":"  CRAWL   : prop footprint=6m2  clearance=86%  █████████████████░░░ GOOD\n"}
,{"stream_name":"stdout","time":15.515171086,"data":"  STAND   : prop footprint=9m2  clearance=96%  ███████████████████░ GOOD\n"}
,{"stream_name":"stdout","time":15.515175598999999,"data":"  BOUNCE  : prop footprint=9m2  clearance=98%  ███████████████████░ GOOD\n"}
,{"stream_name":"stdout","time":15.515180895,"data":"  WALK    : prop footprint=6m2  clearance=98%  ███████████████████░ GOOD\n"}
,{"stream_name":"stdout","time":15.515186039,"data":"  JUMP    : prop footprint=9m2  clearance=98%  ███████████████████░ GOOD\n"}
,{"stream_name":"stdout","time":15.515191159,"data":"  RUN     : prop footprint=9m2  clearance=91%  ██████████████████░░ GOOD\n"}
,{"stream_name":"stdout","time":15.530283615,"data":"DOOR ACCESSIBILITY:\n"}
,{"stream_name":"stdout","time":15.530319536,"data":"  SUPINE  : score=1/4  █░░░  wide_enough=Y  multi_dir=N\n"}
,{"stream_name":"stdout","time":15.530326494,"data":"  SCOOT   : score=3/4  ███░  wide_enough=Y  multi_dir=Y\n"}
,{"stream_name":"stdout","time":15.530331646,"data":"  CRAWL   : score=1/4  █░░░  wide_enough=Y  multi_dir=Y\n"}
,{"stream_name":"stdout","time":15.530336509,"data":"  STAND   : score=2/4  ██░░  wide_enough=Y  multi_dir=N\n"}
,{"stream_name":"stdout","time":15.530342459,"data":"  BOUNCE  : score=1/4  █░░░  wide_enough=Y  multi_dir=N\n"}
,{"stream_name":"stdout","time":15.530347407,"data":"  WALK    : score=3/4  ███░  wide_enough=Y  multi_dir=Y\n"}
,{"stream_name":"stdout","time":15.530351973,"data":"  JUMP    : score=1/4  █░░░  wide_enough=Y  multi_dir=N\n"}
,{"stream_name":"stdout","time":15.530356531,"data":"  RUN     : score=1/4  █░░░  wide_enough=Y  multi_dir=N\n"}
,{"stream_name":"stdout","time":15.546885543,"data":"Exported: vinculum_interiors_data.json\n"}
,{"stream_name":"stdout","time":15.546921323,"data":"Rooms: 8  Doors: 12  Props: 21\n"}
,{"stream_name":"stderr","time":19.047686159,"data":"/usr/local/lib/python3.12/dist-packages/mistune.py:435: SyntaxWarning: invalid escape sequence '\\|'\n"}
,{"stream_name":"stderr","time":19.047771976,"data":"  cells[i][c] = re.sub('\\\\\\\\\\|', '|', cell)\n"}
,{"stream_name":"stderr","time":19.32043948,"data":"/usr/local/lib/python3.12/dist-packages/nbconvert/filters/filter_links.py:36: SyntaxWarning: invalid escape sequence '\\_'\n"}
,{"stream_name":"stderr","time":19.320474502,"data":"  text = re.sub(r'_', '\\_', text) # Escape underscores in display text\n"}
,{"stream_name":"stderr","time":20.187568368,"data":"[NbConvertApp] Converting notebook __notebook__.ipynb to notebook\n"}
,{"stream_name":"stderr","time":20.610513517,"data":"[NbConvertApp] Writing 14945 bytes to __notebook__.ipynb\n"}
,{"stream_name":"stderr","time":23.882236387,"data":"[NbConvertApp] Converting notebook __notebook__.ipynb to html\n"}
,{"stream_name":"stderr","time":25.0415312,"data":"[NbConvertApp] Writing 314321 bytes to __results__.html\n"}
]