[{"stream_name":"stderr","time":7.697179659,"data":"/usr/local/lib/python3.12/dist-packages/nbformat/__init__.py:96: MissingIDFieldWarning: Cell is missing an id field, this will become a hard error in future nbformat versions. You may want to use `normalize()` on your notebooks before validations (available since nbformat 5.1.4). Previous versions of nbformat are fixing this issue transparently, and will stop doing so in the future.\n"}
,{"stream_name":"stderr","time":7.697245569,"data":"  validate(nb)\n"}
,{"stream_name":"stderr","time":8.978439579,"data":"0.00s - Debugger warning: It seems that frozen modules are being used, which may\n"}
,{"stream_name":"stderr","time":8.978473361,"data":"0.00s - make the debugger miss breakpoints. Please pass -Xfrozen_modules=off\n"}
,{"stream_name":"stderr","time":8.978479969,"data":"0.00s - to python to disable frozen modules.\n"}
,{"stream_name":"stderr","time":8.978483669,"data":"0.00s - Note: Debugging will proceed. Set PYDEVD_DISABLE_FILE_VALIDATION=1 to disable this validation.\n"}
,{"stream_name":"stderr","time":9.836422515,"data":"0.00s - Debugger warning: It seems that frozen modules are being used, which may\n"}
,{"stream_name":"stderr","time":9.836464879,"data":"0.00s - make the debugger miss breakpoints. Please pass -Xfrozen_modules=off\n"}
,{"stream_name":"stderr","time":9.836472989,"data":"0.00s - to python to disable frozen modules.\n"}
,{"stream_name":"stderr","time":9.836479118,"data":"0.00s - Note: Debugging will proceed. Set PYDEVD_DISABLE_FILE_VALIDATION=1 to disable this validation.\n"}
,{"stream_name":"stdout","time":11.274378313,"data":"Interiors Optimizer — Kaggle GPU\n"}
,{"stream_name":"stdout","time":11.294858006,"data":"Rooms: 8\n"}
,{"stream_name":"stdout","time":11.311905845,"data":"DIMENSION ANALYSIS:\n"}
,{"stream_name":"stdout","time":11.311947808,"data":"  SUPINE  :  120m2 (  480m3)  3 props  1 doors\n"}
,{"stream_name":"stdout","time":11.311955094,"data":"  SCOOT   :   72m2 (  252m3)  2 props  2 doors\n"}
,{"stream_name":"stdout","time":11.31196127,"data":"  CRAWL   :   42m2 (  118m3)  2 props  2 doors\n"}
,{"stream_name":"stdout","time":11.311966494,"data":"  STAND   :  224m2 ( 1120m3)  3 props  2 doors\n"}
,{"stream_name":"stdout","time":11.311971648,"data":"  BOUNCE  :  360m2 ( 2880m3)  3 props  1 doors\n"}
,{"stream_name":"stdout","time":11.311977246,"data":"    WARNING: SINGLE EXIT IN LARGE ROOM\n"}
,{"stream_name":"stdout","time":11.311982564000001,"data":"  WALK    :  280m2 ( 1680m3)  2 props  2 doors\n"}
,{"stream_name":"stdout","time":11.311987929,"data":"  JUMP    :  576m2 ( 6912m3)  3 props  1 doors\n"}
,{"stream_name":"stdout","time":11.311993898,"data":"    WARNING: SINGLE EXIT IN LARGE ROOM\n"}
,{"stream_name":"stdout","time":11.311999849,"data":"  RUN     :  100m2 (  500m3)  3 props  1 doors\n"}
,{"stream_name":"stdout","time":11.326045924,"data":"CHROMA ANALYSIS:\n"}
,{"stream_name":"stdout","time":11.32608411,"data":"  SUPINE(220) → SCOOT (200)  Δ= 20°  ████░░░░░░░░  LOW\n"}
,{"stream_name":"stdout","time":11.326091167,"data":"  SCOOT (200) → CRAWL ( 30)  Δ=170°  ██████████████████████████████████  GOOD\n"}
,{"stream_name":"stdout","time":11.326095696,"data":"  CRAWL ( 30) → STAND (170)  Δ=140°  ████████████████████████████  GOOD\n"}
,{"stream_name":"stdout","time":11.326099936,"data":"  STAND (170) → BOUNCE(140)  Δ= 30°  ██████░░░░░░  LOW\n"}
,{"stream_name":"stdout","time":11.326103757,"data":"  BOUNCE(140) → WALK  (190)  Δ= 50°  ██████████░░  GOOD\n"}
,{"stream_name":"stdout","time":11.326123054,"data":"  WALK  (190) → JUMP  ( 10)  Δ=180°  ████████████████████████████████████  GOOD\n"}
,{"stream_name":"stdout","time":11.326127135,"data":"  JUMP  ( 10) → RUN   (  0)  Δ= 10°  ██░░░░░░░░░░  LOW\n"}
,{"stream_name":"stdout","time":11.326130453,"data":"  RUN   (  0) → SUPINE(220)  Δ=140°  ████████████████████████████  GOOD\n"}
,{"stream_name":"stdout","time":11.340996564,"data":"NAVIGATION CLEARANCE:\n"}
,{"stream_name":"stdout","time":11.341059510000001,"data":"  SUPINE  : prop footprint=9m2  clearance=92%  ██████████████████░░ GOOD\n"}
,{"stream_name":"stdout","time":11.341068047,"data":"  SCOOT   : prop footprint=6m2  clearance=92%  ██████████████████░░ GOOD\n"}
,{"stream_name":"stdout","time":11.341074061,"data":"  CRAWL   : prop footprint=6m2  clearance=86%  █████████████████░░░ GOOD\n"}
,{"stream_name":"stdout","time":11.341078887,"data":"  STAND   : prop footprint=9m2  clearance=96%  ███████████████████░ GOOD\n"}
,{"stream_name":"stdout","time":11.341084254,"data":"  BOUNCE  : prop footprint=9m2  clearance=98%  ███████████████████░ GOOD\n"}
,{"stream_name":"stdout","time":11.341089421,"data":"  WALK    : prop footprint=6m2  clearance=98%  ███████████████████░ GOOD\n"}
,{"stream_name":"stdout","time":11.341118036,"data":"  JUMP    : prop footprint=9m2  clearance=98%  ███████████████████░ GOOD\n"}
,{"stream_name":"stdout","time":11.341123434,"data":"  RUN     : prop footprint=9m2  clearance=91%  ██████████████████░░ GOOD\n"}
,{"stream_name":"stdout","time":11.356018397,"data":"DOOR ACCESSIBILITY:\n"}
,{"stream_name":"stdout","time":11.356053213,"data":"  SUPINE  : score=1/4  █░░░  wide_enough=Y  multi_dir=N\n"}
,{"stream_name":"stdout","time":11.356060053,"data":"  SCOOT   : score=3/4  ███░  wide_enough=Y  multi_dir=Y\n"}
,{"stream_name":"stdout","time":11.356064856,"data":"  CRAWL   : score=1/4  █░░░  wide_enough=Y  multi_dir=Y\n"}
,{"stream_name":"stdout","time":11.356068222,"data":"  STAND   : score=2/4  ██░░  wide_enough=Y  multi_dir=N\n"}
,{"stream_name":"stdout","time":11.356071274,"data":"  BOUNCE  : score=1/4  █░░░  wide_enough=Y  multi_dir=N\n"}
,{"stream_name":"stdout","time":11.356074401,"data":"  WALK    : score=3/4  ███░  wide_enough=Y  multi_dir=Y\n"}
,{"stream_name":"stdout","time":11.356077474,"data":"  JUMP    : score=1/4  █░░░  wide_enough=Y  multi_dir=N\n"}
,{"stream_name":"stdout","time":11.356080964,"data":"  RUN     : score=1/4  █░░░  wide_enough=Y  multi_dir=N\n"}
,{"stream_name":"stdout","time":11.372095489,"data":"Exported: vinculum_interiors_data.json\n"}
,{"stream_name":"stdout","time":11.372129213000001,"data":"Rooms: 8  Doors: 12  Props: 21\n"}
,{"stream_name":"stderr","time":14.676093415,"data":"/usr/local/lib/python3.12/dist-packages/mistune.py:435: SyntaxWarning: invalid escape sequence '\\|'\n"}
,{"stream_name":"stderr","time":14.676161881,"data":"  cells[i][c] = re.sub('\\\\\\\\\\|', '|', cell)\n"}
,{"stream_name":"stderr","time":14.895866486,"data":"/usr/local/lib/python3.12/dist-packages/nbconvert/filters/filter_links.py:36: SyntaxWarning: invalid escape sequence '\\_'\n"}
,{"stream_name":"stderr","time":14.895923509,"data":"  text = re.sub(r'_', '\\_', text) # Escape underscores in display text\n"}
,{"stream_name":"stderr","time":15.652246282,"data":"[NbConvertApp] Converting notebook __notebook__.ipynb to notebook\n"}
,{"stream_name":"stderr","time":16.065072899,"data":"[NbConvertApp] Writing 14944 bytes to __notebook__.ipynb\n"}
,{"stream_name":"stderr","time":19.196449927,"data":"[NbConvertApp] Converting notebook __notebook__.ipynb to html\n"}
,{"stream_name":"stderr","time":20.311905824,"data":"[NbConvertApp] Writing 314321 bytes to __results__.html\n"}
]